global main

extern puts
extern getchar
extern putchar
extern sprintf
extern __stack_chk_fail
extern malloc
extern printf
extern strlen
extern memcpy
extern scanf
section .data
	dq	7
__staticString__0:
	db	65, 110, 115, 32, 105, 115, 32, 0
intbuffer:
	dq 0
format1:
	db"%lld",0
format2:
	db"%s",0

section .bss
stringbuffer:
	resb 256
section .text
hilo:
	push    rbp
	mov     rbp, rsp
	sub     rsp, 40
	mov     qword [rbp-8], rdi
	mov     qword [rbp-16], rsi
	push     rbp
	push     rbx
	push     r12
	push     r13
	push     r14
	push     r15
hilo.__begin__:
	mov     r15, qword [rbp-8]
	shl	r15, 16
	mov     r14, qword [rbp-16]
	or     r14, r15
	mov     rax, r14
	jmp    hilo.__end__
	jmp    hilo.__end__
hilo.__end__:
	pop     r15
	pop     r14
	pop     r13
	pop     r12
	pop     rbx
	leave
	ret
shift_l:
	push    rbp
	mov     rbp, rsp
	sub     rsp, 56
	mov     qword [rbp-8], rdi
	mov     qword [rbp-16], rsi
	push     rbp
	push     rbx
	push     r12
	push     r13
	push     r14
	push     r15
shift_l.__begin__:
	mov     r14, qword [rbp-8]
	mov     rax, qword [rbp-16]
	mov     ecx, eax
	shl     r14, cl
	mov     rsi, 65535
	mov     rdi, 32767
	call    hilo
	mov     r15, rax
	and     r14, r15
	mov     rax, r14
	jmp    shift_l.__end__
	jmp    shift_l.__end__
shift_l.__end__:
	pop     r15
	pop     r14
	pop     r13
	pop     r12
	pop     rbx
	leave
	ret
shift_r:
	push    rbp
	mov     rbp, rsp
	sub     rsp, 104
	mov     qword [rbp-8], rdi
	mov     qword [rbp-16], rsi
	push     rbp
	push     rbx
	push     r12
	push     r13
	push     r14
	push     r15
shift_r.__begin__:
	mov     rsi, 65536
	mov     rdi, 32767
	call    hilo
	mov     r15, rax
	mov     rax, qword [rbp-16]
	mov     ecx, eax
	shr     r15, cl
	shl	r15, 2
	mov     r14, r15
	add     r14, 1
	mov     r15, qword [rbp-8]
	mov     rax, qword [rbp-16]
	mov     ecx, eax
	shr     r15, cl
	and     r14, r15
	mov     rsi, 65535
	mov     rdi, 32767
	call    hilo
	mov     r15, rax
	and     r14, r15
	mov     rax, r14
	jmp    shift_r.__end__
	jmp    shift_r.__end__
shift_r.__end__:
	pop     r15
	pop     r14
	pop     r13
	pop     r12
	pop     rbx
	leave
	ret
xorshift:
	push    rbp
	mov     rbp, rsp
	sub     rsp, 184
	mov     qword [rbp-8], rdi
	mov     qword [rbp-16], rsi
	push     rbp
	push     rbx
	push     r12
	push     r13
	push     r14
	push     r15
xorshift.__begin__:
	mov     r15, qword [rbp-8]
	add     r15, 1
	mov     r14, r15
	mov     r15, 0
for_cond13:
	mov     r13, qword [rbp-16]
	imul     r13, 10
	cmp     r15, r13
	jl     for_body13
	jnl     for_end13
for_body13:
	mov     rsi, 13
	mov     rdi, r14
	call    shift_l
	mov     r13, rax
	xor     r14, r13
	mov     rsi, 17
	mov     rdi, r14
	call    shift_r
	mov     r13, rax
	xor     r14, r13
	mov     rsi, 5
	mov     rdi, r14
	call    shift_l
	mov     r13, rax
	xor     r14, r13
for_step13:
	mov     r13, r15
	add     r15, 1
	jmp    for_cond13
for_end13:
	mov     r15, r14
	xor     r15, 123456789
	mov     rax, r15
	jmp    xorshift.__end__
	jmp    xorshift.__end__
xorshift.__end__:
	pop     r15
	pop     r14
	pop     r13
	pop     r12
	pop     rbx
	leave
	ret
main:
	push    rbp
	mov     rbp, rsp
	sub     rsp, 600
main.__begin__:
	call    getInt
	mov     r15, rax
	mov     qword [rbp-16], r15
	mov     r13, 0
	mov     r14, qword [rbp-16]
	mov     rax, qword [rbp-16]
	add     rax, 1
	shl	rax, 3
	mov     rdi, rax
	call    malloc
	add     rax, 8
	mov     r12, rax
	mov     rax, qword [rbp-16]
	mov     qword [r12-8], rax
	mov     r15, r12
dimension_body26:
	mov     rbx, 0
	mov     rbx, qword [rbp-16]
	mov     rax, qword [rbp-16]
	add     rax, 1
	shl	rax, 3
	mov     rdi, rax
	call    malloc
	add     rax, 8
	mov     qword [r15], rax
	mov     rbx, qword [r15]
	mov     rax, qword [rbp-16]
	mov     qword [rbx-8], rax
	add     r15, 8
	add     r13, 1
	cmp     r13, r14
	jl     dimension_body26
dimension_end26:
	mov     qword [rbp-48], r12
	mov     rax, 0
	mov     qword [rbp-120], rax
for_cond28:
	mov     rcx, qword [rbp-120]
	cmp     rcx, qword [rbp-16]
	jl     for_body28
	jnl     for_end28
for_body28:
	mov     r12, 0
for_cond31:
	cmp     r12, qword [rbp-16]
	jl     for_body31
	jnl     for_end31
for_body31:
	mov     r13, 0
for_cond34:
	cmp     r13, qword [rbp-16]
	jl     for_body34
	jnl     for_end34
for_body34:
	cmp     qword [rbp-120], 0
	jg     rhs__begin__39
	jng     if_end37
rhs__begin__39:
	cmp     r12, 0
	jg     rhs__begin__38
	jng     if_end37
rhs__begin__38:
	cmp     r13, 0
	jg     if_then37
	jng     if_end37
if_then37:
	mov     r14, qword [rbp-120]
	mov     rax, r14
	cqo
	idiv     r12
	mov     r14, rdx
	mov     r15, r12
	mov     rax, r15
	cqo
	idiv     r13
	mov     r15, rdx
	cmp     r14, r15
	jne     rhs__begin__45
	je     if_end43
rhs__begin__45:
	mov     r14, r12
	mov     rax, r14
	cqo
	idiv     r13
	mov     r14, rdx
	mov     r15, r13
	mov     rax, r15
	cqo
	idiv     qword [rbp-120]
	mov     r15, rdx
	cmp     r14, r15
	jne     rhs__begin__44
	je     if_end43
rhs__begin__44:
	mov     r14, qword [rbp-120]
	mov     rax, r14
	cqo
	idiv     r12
	mov     r14, rdx
	mov     r15, r13
	mov     rax, r15
	cqo
	idiv     qword [rbp-120]
	mov     r15, rdx
	cmp     r14, r15
	jne     if_then43
	je     if_end43
if_then43:
	mov     r14, r12
	shl	r14, 3
	mov	r11, qword [rbp-120]
	shl	r11, 3
	add	r11, qword [rbp-48]
	add     r14, qword [r11]
	mov     r15, qword [rbp-120]
	and     r15, r12
	and     r15, r13
	mov     rbx, qword [rbp-120]
	add     rbx, r12
	add     rbx, r13
	mov     rsi, rbx
	mov     rdi, r15
	call    xorshift
	mov     r15, rax
	mov     qword [r14], r15
	jmp    if_end43
if_end43:
	jmp    if_end37
if_end37:
for_step34:
	add     r13, 1
	jmp    for_cond34
for_end34:
for_step31:
	add     r12, 1
	jmp    for_cond31
for_end31:
for_step28:
	mov     rax, qword [rbp-120]
	add     rax, 1
	mov     qword [rbp-120], rax
	jmp    for_cond28
for_end28:
	mov     r14, 0
	mov     rax, 0
	mov     qword [rbp-120], rax
for_cond61:
	mov     rcx, qword [rbp-120]
	cmp     rcx, qword [rbp-16]
	jl     for_body61
	jnl     for_end61
for_body61:
	mov     r12, 0
for_cond64:
	cmp     r12, qword [rbp-16]
	jl     for_body64
	jnl     for_end64
for_body64:
	mov     r13, 0
for_cond67:
	cmp     r13, qword [rbp-16]
	jl     for_body67
	jnl     for_end67
for_body67:
	cmp     qword [rbp-120], r12
	jge     rhs__begin__71
	jl     if_end70
rhs__begin__71:
	cmp     r12, r13
	jge     if_then70
	jl     if_end70
if_then70:
	mov     r15, r12
	shl	r15, 3
	mov	r11, qword [rbp-120]
	shl	r11, 3
	add	r11, qword [rbp-48]
	add     r15, qword [r11]
	add     r14, qword [r15]
	mov     r15, r14
	and     r15, 1073741823
	mov     r14, r15
	jmp    if_end70
if_end70:
for_step67:
	add     r13, 1
	jmp    for_cond67
for_end67:
for_step64:
	add     r12, 1
	jmp    for_cond64
for_end64:
for_step61:
	mov     rax, qword [rbp-120]
	add     rax, 1
	mov     qword [rbp-120], rax
	jmp    for_cond61
for_end61:
	mov     rdi, r14
	call    toString
	mov     r15, rax
	mov     rdi, __staticString__0
	mov     rsi, r15
	call    string.add
	mov     r15, rax
	mov     rdi, r15
	call    println
	mov     r15, rax
	mov     rax, 0
	jmp    main.__end__
	jmp    main.__end__
main.__end__:
	leave
	ret
toString:
	push     rbp
	mov      rbp,rsp
	mov      rdx,rdi
	mov      rax,0
	mov      rdi,stringbuffer
	mov      rsi,format1
	call     sprintf
	mov      rdi,stringbuffer
	call     transtring
	mov      rsp,rbp
	pop      rbp
	ret
println:
	call puts
	ret

array.size:
	mov	rax, qword [rdi - 8]
	ret

string.add:
	push rbp
	mov rbp,rsp
	push rsi
	mov rsi,rdi
	mov rdi,stringbuffer
	mov rdx,[rsi-8]
	push rdx
	call memcpy
	pop rdi
	pop rsi
	add rdi,stringbuffer
	mov rdx,[rsi-8]
	add rdx,1
	call memcpy
	mov rdi,stringbuffer
	call transtring
	mov rsp,rbp
	pop rbp
	ret
getInt:
	push rbp
	mov rbp,rsp
	mov rax,0
	mov rdi,format1
	mov rsi,intbuffer
	call scanf
	mov rax,[intbuffer]
	mov rsp,rbp
	pop rbp
	ret
string.length:
	push    rbp
	mov     rbp, rsp
	mov     qword [rbp-18H], rdi
	mov     dword [rbp-4H], 0
	jmp     Llen_002
Llen_001:  add     dword [rbp-4H], 1
Llen_002:  mov     eax, dword [rbp-4H]
	movsxd  rdx, eax
	mov     rax, qword [rbp-18H]
	add     rax, rdx
	movzx   eax, byte [rax]
	test    al, al
	jnz     Llen_001
	mov     eax, dword [rbp-4H]
	pop     rbp
	ret
string.ord:
	push    rbp
	mov     rbp, rsp
	mov     qword [rbp-18H], rdi
	mov     dword [rbp-1CH], esi
	mov     eax, dword [rbp-1CH]
	movsxd  rdx, eax
	mov     rax, qword [rbp-18H]
	add     rax, rdx
	movzx   eax, byte [rax]
	movsx   eax, al
	mov     dword [rbp-4H], eax
	mov     eax, dword [rbp-4H]
	pop     rbp
	ret
print:
	push rbp
	mov rbp,rsp
	mov rax,0
	mov rsi,rdi
	mov rdi,format2
	call printf
	mov rsp,rbp
	pop rbp
	ret
transtring:

	push rbp
	mov rbp,rsp
	call strlen
	push rdi
	mov rdi,rax
	push rdi
	add rdi,9
	call malloc
	pop rdi
	mov [rax],rdi
	add rax,8
	mov rdx,rdi
	add rdx,1
	mov rdi,rax
	pop rsi
	sub rsp,8
	push rax
	call memcpy
	pop rax
	mov rsp,rbp
	pop rbp
	ret

getString:

	push rbp
	mov rbp,rsp
	mov rax,0
	mov rdi,format2
	mov rsi,stringbuffer
	call scanf
	mov rdi,stringbuffer
	call transtring
	mov rsp,rbp
	pop rbp
	ret

string.substring:
	push rbp
	mov rbp,rsp
	push rdi
	push rsi
	mov rdi,rdx
	sub rdi,rsi
	add rdi,1
	push rdi
	add rdi,9
	call malloc
	pop rdx
	mov [rax],rdx
	add rax,8
	pop rsi
	pop rdi
	add rsi,rdi
	mov rdi,rax
	push rdx
	push rax
	call memcpy
	pop rax
	pop rdx
	mov qword[rax+rdx],0
	mov rsp,rbp
	pop rbp
	ret

string.parseInt:
	push    rbp
	mov     rbp, rsp
	sub     rsp, 32
	mov     qword [rbp-18H], rdi
	mov     edi, 256
	call    malloc
	mov     qword [rbp-8H], rax
	mov     dword [rbp-10H], 0
	mov     dword [rbp-0CH], 0
	jmp     Lpar_002
Lpar_001:  add     dword [rbp-10H], 1
Lpar_002:  mov     eax, dword [rbp-10H]
	movsxd  rdx, eax
	mov     rax, qword [rbp-18H]
	add     rax, rdx
	movzx   eax, byte [rax]
	test    al, al
	jz      Lpar_004
	mov     eax, dword [rbp-10H]
	movsxd  rdx, eax
	mov     rax, qword [rbp-18H]
	add     rax, rdx
	movzx   eax, byte [rax]
	test    al, al
	js      Lpar_001
	mov     eax, dword [rbp-10H]
	movsxd  rdx, eax
	mov     rax, qword [rbp-18H]
	add     rax, rdx
	movzx   eax, byte [rax]
	cmp     al, 57
	jg      Lpar_001
	jmp     Lpar_004
Lpar_003:  mov     edx, dword [rbp-0CH]
	mov     eax, edx
	shl     eax, 2
	add     eax, edx
	add     eax, eax
	mov     ecx, eax
	mov     eax, dword [rbp-10H]
	movsxd  rdx, eax
	mov     rax, qword [rbp-18H]
	add     rax, rdx
	movzx   eax, byte [rax]
	movsx   eax, al
	add     eax, ecx
	sub     eax, 48
	mov     dword [rbp-0CH], eax
	add     dword [rbp-10H], 1
Lpar_004:  mov     eax, dword [rbp-10H]
	movsxd  rdx, eax
	mov     rax, qword [rbp-18H]
	add     rax, rdx
	movzx   eax, byte [rax]
	cmp     al, 47
	jle     Lpar_005
	mov     eax, dword [rbp-10H]
	movsxd  rdx, eax
	mov     rax, qword [rbp-18H]
	add     rax, rdx
	movzx   eax, byte [rax]
	cmp     al, 57
	jle     Lpar_003
Lpar_005:  mov     eax, dword [rbp-0CH]
	leave
	ret
	string.eq:
	push    rbp
	mov     rbp, rsp
	mov     qword [rbp-18H], rdi
	mov     qword [rbp-20H], rsi
	mov     dword [rbp-0CH], 0
	mov     dword [rbp-8H], 0
	jmp     Leq_002
Leq_001:  add     dword [rbp-0CH], 1
Leq_002:  mov     eax, dword [rbp-0CH]
	movsxd  rdx, eax
	mov     rax, qword [rbp-18H]
	add     rax, rdx
	movzx   eax, byte [rax]
	test    al, al
	jz      Leq_004
	mov     eax, dword [rbp-0CH]
	movsxd  rdx, eax
	mov     rax, qword [rbp-18H]
	add     rax, rdx
	movzx   eax, byte [rax]
	test    al, al
	js      Leq_001
	mov     eax, dword [rbp-0CH]
	movsxd  rdx, eax
	mov     rax, qword [rbp-18H]
	add     rax, rdx
	movzx   eax, byte [rax]
	cmp     al, 57
	jg      Leq_001
	jmp     Leq_004
Leq_003:  add     dword [rbp-8H], 1
Leq_004:  mov     eax, dword [rbp-8H]
	movsxd  rdx, eax
	mov     rax, qword [rbp-20H]
	add     rax, rdx
	movzx   eax, byte [rax]
	test    al, al
	jz      Leq_005
	mov     eax, dword [rbp-8H]
	movsxd  rdx, eax
	mov     rax, qword [rbp-20H]
	add     rax, rdx
	movzx   eax, byte [rax]
	test    al, al
	js      Leq_003
	mov     eax, dword [rbp-8H]
	movsxd  rdx, eax
	mov     rax, qword [rbp-20H]
	add     rax, rdx
	movzx   eax, byte [rax]
	cmp     al, 57
	jg      Leq_003
Leq_005:  mov     eax, dword [rbp-0CH]
	cmp     eax, dword [rbp-8H]
	jz      Leq_006
	mov     eax, 0
	jmp     Leq_010
Leq_006:  mov     dword [rbp-4H], 0
	mov     dword [rbp-4H], 0
	jmp     Leq_009
Leq_007:  mov     eax, dword [rbp-4H]
	movsxd  rdx, eax
	mov     rax, qword [rbp-18H]
	add     rax, rdx
	movzx   edx, byte [rax]
	mov     eax, dword [rbp-4H]
	movsxd  rcx, eax
	mov     rax, qword [rbp-20H]
	add     rax, rcx
	movzx   eax, byte [rax]
	cmp     dl, al
	jz      Leq_008
	mov     eax, 0
	jmp     Leq_010
Leq_008:  add     dword [rbp-4H], 1
Leq_009:  mov     eax, dword [rbp-4H]
	cmp     eax, dword [rbp-0CH]
	jl      Leq_007
	mov     eax, 1
Leq_010:  pop     rbp
	ret
string.lt:
	push    rbp
	mov     rbp, rsp
	mov     qword [rbp-18H], rdi
	mov     qword [rbp-20H], rsi
	mov     dword [rbp-10H], 0
	mov     dword [rbp-0CH], 0
	jmp     Ll_012
Ll_011:  add     dword [rbp-10H], 1
Ll_012:  mov     eax, dword [rbp-10H]
	movsxd  rdx, eax
	mov     rax, qword [rbp-18H]
	add     rax, rdx
	movzx   eax, byte [rax]
	test    al, al
	jz      Ll_014
	mov     eax, dword [rbp-10H]
	movsxd  rdx, eax
	mov     rax, qword [rbp-18H]
	add     rax, rdx
	movzx   eax, byte [rax]
	test    al, al
	js      Ll_011
	mov     eax, dword [rbp-10H]
	movsxd  rdx, eax
	mov     rax, qword [rbp-18H]
	add     rax, rdx
	movzx   eax, byte [rax]
	cmp     al, 57
	jg      Ll_011
	jmp     Ll_014
Ll_013:  add     dword [rbp-0CH], 1
Ll_014:  mov     eax, dword [rbp-0CH]
	movsxd  rdx, eax
	mov     rax, qword [rbp-20H]
	add     rax, rdx
	movzx   eax, byte [rax]
	test    al, al
	jz      Ll_015
	mov     eax, dword [rbp-0CH]
	movsxd  rdx, eax
	mov     rax, qword [rbp-20H]
	add     rax, rdx
	movzx   eax, byte [rax]
	test    al, al
	js      Ll_013
	mov     eax, dword [rbp-0CH]
	movsxd  rdx, eax
	mov     rax, qword [rbp-20H]
	add     rax, rdx
	movzx   eax, byte [rax]
	cmp     al, 57
	jg      Ll_013
Ll_015:  mov     eax, dword [rbp-0CH]
	cmp     dword [rbp-10H], eax
	cmovle  eax, dword [rbp-10H]
	mov     dword [rbp-4H], eax
	mov     dword [rbp-8H], 0
	mov     dword [rbp-8H], 0
	jmp     Ll_019
Ll_016:  mov     eax, dword [rbp-8H]
	movsxd  rdx, eax
	mov     rax, qword [rbp-18H]
	add     rax, rdx
	movzx   edx, byte [rax]
	mov     eax, dword [rbp-8H]
	movsxd  rcx, eax
	mov     rax, qword [rbp-20H]
	add     rax, rcx
	movzx   eax, byte [rax]
	cmp     dl, al
	jge     Ll_017
	mov     eax, 1
	jmp     Ll_021
Ll_017:  mov     eax, dword [rbp-8H]
	movsxd  rdx, eax
	mov     rax, qword [rbp-18H]
	add     rax, rdx
	movzx   edx, byte [rax]
	mov     eax, dword [rbp-8H]
	movsxd  rcx, eax
	mov     rax, qword [rbp-20H]
	add     rax, rcx
	movzx   eax, byte [rax]
	cmp     dl, al
	jle     Ll_018
	mov     eax, 0
	jmp     Ll_021
Ll_018:  add     dword [rbp-8H], 1
Ll_019:  mov     eax, dword [rbp-8H]
	cmp     eax, dword [rbp-4H]
	jl      Ll_016
	mov     eax, dword [rbp-10H]
	cmp     eax, dword [rbp-0CH]
	jl      Ll_020
	mov     eax, 0
	jmp     Ll_021
Ll_020:  mov     eax, 1
Ll_021:  pop     rbp
	ret
string.gt:
	push    rbp
	mov     rbp, rsp
	mov     qword [rbp-18H], rdi
	mov     qword [rbp-20H], rsi
	mov     dword [rbp-10H], 0
	mov     dword [rbp-0CH], 0
	jmp     Lg_023
Lg_022:  add     dword [rbp-10H], 1
Lg_023:  mov     eax, dword [rbp-10H]
	movsxd  rdx, eax
	mov     rax, qword [rbp-18H]
	add     rax, rdx
	movzx   eax, byte [rax]
	test    al, al
	jz      Lg_025
	mov     eax, dword [rbp-10H]
	movsxd  rdx, eax
	mov     rax, qword [rbp-18H]
	add     rax, rdx
	movzx   eax, byte [rax]
	test    al, al
	js      Lg_022
	mov     eax, dword [rbp-10H]
	movsxd  rdx, eax
	mov     rax, qword [rbp-18H]
	add     rax, rdx
	movzx   eax, byte [rax]
	cmp     al, 57
	jg      Lg_022
	jmp     Lg_025
Lg_024:  add     dword [rbp-0CH], 1
Lg_025:  mov     eax, dword [rbp-0CH]
	movsxd  rdx, eax
	mov     rax, qword [rbp-20H]
	add     rax, rdx
	movzx   eax, byte [rax]
	test    al, al
	jz      Lg_026
	mov     eax, dword [rbp-0CH]
	movsxd  rdx, eax
	mov     rax, qword [rbp-20H]
	add     rax, rdx
	movzx   eax, byte [rax]
	test    al, al
	js      Lg_024
	mov     eax, dword [rbp-0CH]
	movsxd  rdx, eax
	mov     rax, qword [rbp-20H]
	add     rax, rdx
	movzx   eax, byte [rax]
	cmp     al, 57
	jg      Lg_024
Lg_026:  mov     eax, dword [rbp-0CH]
	cmp     dword [rbp-10H], eax
	cmovle  eax, dword [rbp-10H]
	mov     dword [rbp-4H], eax
	mov     dword [rbp-8H], 0
	mov     dword [rbp-8H], 0
	jmp     Lg_030
Lg_027:  mov     eax, dword [rbp-8H]
	movsxd  rdx, eax
	mov     rax, qword [rbp-18H]
	add     rax, rdx
	movzx   edx, byte [rax]
	mov     eax, dword [rbp-8H]
	movsxd  rcx, eax
	mov     rax, qword [rbp-20H]
	add     rax, rcx
	movzx   eax, byte [rax]
	cmp     dl, al
	jle     Lg_028
	mov     eax, 1
	jmp     Lg_032
Lg_028:  mov     eax, dword [rbp-8H]
	movsxd  rdx, eax
	mov     rax, qword [rbp-18H]
	add     rax, rdx
	movzx   edx, byte [rax]
	mov     eax, dword [rbp-8H]
	movsxd  rcx, eax
	mov     rax, qword [rbp-20H]
	add     rax, rcx
	movzx   eax, byte [rax]
	cmp     dl, al
	jge     Lg_029
	mov     eax, 0
	jmp     Lg_032
Lg_029:  add     dword [rbp-8H], 1
Lg_030:  mov     eax, dword [rbp-8H]
	cmp     eax, dword [rbp-4H]
	jl      Lg_027
	mov     eax, dword [rbp-10H]
	cmp     eax, dword [rbp-0CH]
	jg      Lg_031
	mov     eax, 0
	jmp     Lg_032
Lg_031:  mov     eax, 1
Lg_032:  pop     rbp
	ret
	string.le:
	push    rbp
	mov     rbp, rsp
	mov     qword [rbp-18H], rdi
	mov     qword [rbp-20H], rsi
	mov     dword [rbp-10H], 0
	mov     dword [rbp-0CH], 0
	jmp     Llege_002
Llege_001:  add     dword [rbp-10H], 1
Llege_002:  mov     eax, dword [rbp-10H]
	movsxd  rdx, eax
	mov     rax, qword [rbp-18H]
	add     rax, rdx
	movzx   eax, byte [rax]
	test    al, al
	jz      Llege_004
	mov     eax, dword [rbp-10H]
	movsxd  rdx, eax
	mov     rax, qword [rbp-18H]
	add     rax, rdx
	movzx   eax, byte [rax]
	test    al, al
	js      Llege_001
	mov     eax, dword [rbp-10H]
	movsxd  rdx, eax
	mov     rax, qword [rbp-18H]
	add     rax, rdx
	movzx   eax, byte [rax]
	cmp     al, 57
	jg      Llege_001
	jmp     Llege_004
Llege_003:  add     dword [rbp-0CH], 1
Llege_004:  mov     eax, dword [rbp-0CH]
	movsxd  rdx, eax
	mov     rax, qword [rbp-20H]
	add     rax, rdx
	movzx   eax, byte [rax]
	test    al, al
	jz      Llege_005
	mov     eax, dword [rbp-0CH]
	movsxd  rdx, eax
	mov     rax, qword [rbp-20H]
	add     rax, rdx
	movzx   eax, byte [rax]
	test    al, al
	js      Llege_003
	mov     eax, dword [rbp-0CH]
	movsxd  rdx, eax
	mov     rax, qword [rbp-20H]
	add     rax, rdx
	movzx   eax, byte [rax]
	cmp     al, 57
	jg      Llege_003
Llege_005:  mov     eax, dword [rbp-0CH]
	cmp     dword [rbp-10H], eax
	cmovle  eax, dword [rbp-10H]
	mov     dword [rbp-4H], eax
	mov     dword [rbp-8H], 0
	mov     dword [rbp-8H], 0
	jmp     Llege_009
Llege_006:  mov     eax, dword [rbp-8H]
	movsxd  rdx, eax
	mov     rax, qword [rbp-18H]
	add     rax, rdx
	movzx   edx, byte [rax]
	mov     eax, dword [rbp-8H]
	movsxd  rcx, eax
	mov     rax, qword [rbp-20H]
	add     rax, rcx
	movzx   eax, byte [rax]
	cmp     dl, al
	jge     Llege_007
	mov     eax, 1
	jmp     Llege_011
Llege_007:  mov     eax, dword [rbp-8H]
	movsxd  rdx, eax
	mov     rax, qword [rbp-18H]
	add     rax, rdx
	movzx   edx, byte [rax]
	mov     eax, dword [rbp-8H]
	movsxd  rcx, eax
	mov     rax, qword [rbp-20H]
	add     rax, rcx
	movzx   eax, byte [rax]
	cmp     dl, al
	jle     Llege_008
	mov     eax, 0
	jmp     Llege_011
Llege_008:  add     dword [rbp-8H], 1
Llege_009:  mov     eax, dword [rbp-8H]
	cmp     eax, dword [rbp-4H]
	jl      Llege_006
	mov     eax, dword [rbp-10H]
	cmp     eax, dword [rbp-0CH]
	jle     Llege_010
	mov     eax, 0
	jmp     Llege_011
	Llege_010:  mov     eax, 1
	Llege_011:  pop     rbp
	ret
	string.ge:
	push    rbp
	mov     rbp, rsp
	mov     qword [rbp-18H], rdi
	mov     qword [rbp-20H], rsi
	mov     dword [rbp-10H], 0
	mov     dword [rbp-0CH], 0
	jmp     Llege_013
Llege_012:  add     dword [rbp-10H], 1
Llege_013:  mov     eax, dword [rbp-10H]
	movsxd  rdx, eax
	mov     rax, qword [rbp-18H]
	add     rax, rdx
	movzx   eax, byte [rax]
	test    al, al
	jz      Llege_015
	mov     eax, dword [rbp-10H]
	movsxd  rdx, eax
	mov     rax, qword [rbp-18H]
	add     rax, rdx
	movzx   eax, byte [rax]
	test    al, al
	js      Llege_012
	mov     eax, dword [rbp-10H]
	movsxd  rdx, eax
	mov     rax, qword [rbp-18H]
	add     rax, rdx
	movzx   eax, byte [rax]
	cmp     al, 57
	jg      Llege_012
	jmp     Llege_015
Llege_014:  add     dword [rbp-0CH], 1
Llege_015:  mov     eax, dword [rbp-0CH]
	movsxd  rdx, eax
	mov     rax, qword [rbp-20H]
	add     rax, rdx
	movzx   eax, byte [rax]
	test    al, al
	jz      Llege_016
	mov     eax, dword [rbp-0CH]
	movsxd  rdx, eax
	mov     rax, qword [rbp-20H]
	add     rax, rdx
	movzx   eax, byte [rax]
	test    al, al
	js      Llege_014
	mov     eax, dword [rbp-0CH]
	movsxd  rdx, eax
	mov     rax, qword [rbp-20H]
	add     rax, rdx
	movzx   eax, byte [rax]
	cmp     al, 57
	jg      Llege_014
Llege_016:  mov     eax, dword [rbp-0CH]
	cmp     dword [rbp-10H], eax
	cmovle  eax, dword [rbp-10H]
	mov     dword [rbp-4H], eax
	mov     dword [rbp-8H], 0
	mov     dword [rbp-8H], 0
	jmp     Llege_020
Llege_017:  mov     eax, dword [rbp-8H]
	movsxd  rdx, eax
	mov     rax, qword [rbp-18H]
	add     rax, rdx
	movzx   edx, byte [rax]
	mov     eax, dword [rbp-8H]
	movsxd  rcx, eax
	mov     rax, qword [rbp-20H]
	add     rax, rcx
	movzx   eax, byte [rax]
	cmp     dl, al
	jle     Llege_018
	mov     eax, 1
	jmp     Llege_022
Llege_018:  mov     eax, dword [rbp-8H]
	movsxd  rdx, eax
	mov     rax, qword [rbp-18H]
	add     rax, rdx
	movzx   edx, byte [rax]
	mov     eax, dword [rbp-8H]
	movsxd  rcx, eax
	mov     rax, qword [rbp-20H]
	add     rax, rcx
	movzx   eax, byte [rax]
	cmp     dl, al
	jge     Llege_019
	mov     eax, 0
	jmp     Llege_022
Llege_019:  add     dword [rbp-8H], 1
Llege_020:  mov     eax, dword [rbp-8H]
	cmp     eax, dword [rbp-4H]
	jl      Llege_017
	mov     eax, dword [rbp-10H]
	cmp     eax, dword [rbp-0CH]
	jge     Llege_021
	mov     eax, 0
	jmp     Llege_022
Llege_021:  mov     eax, 1
Llege_022:  pop     rbp
	ret
